





.:...:.:.:.:.:..............:....:.:.:.:..........:..:..:;;;;ttt;t;t;;;;;;;;:;::::::::.:................................
...............:..:..:..:......:..........:..:..:..:.:;t%%SSSSS%S%%%tttttt;;;;;;;;;:::::::::....... . . . . . . . ......
..........................:..:....:..:..:........::;%X88888888@@X@XXSXS%%%%%%tttt;t;;;;;::::::.. ................. .....
............:..:.:.:..:.:.......:..............::;%@8@SSXX@888888@@@XXXXSSS%%%%%tttttt;;;;;:::... . . . . . . . ... ....
.........:...........:....:..:...............::;tS88@t;;%SSX@88888888@@XXXSSSS%%%%%tttttt;t;::............ ..... ... ...
......:.......:...:.........................:;;%S@88S: . :;%SX@@88888888@@@XXSXSSS%%%%tttt;;:... . . . . ... . .. ... ..
............................................:;t%S@8@%.t%%;..;tSS@888888888@@@XXXSSSS%%%%tt;::... ........ . . . .. .....
.............................................::t%X8@t.X888@t:.:tSS@888888888@@@XXXXSSS%%%t;::..... . .  . . .  . .. .. .
....................................... . .....:;%X8S.8    88Xt..;tSX@888888888@@XXXSSS%%t;;::......... .. . . . . . ...
..................................... ..... ....:;%X8:8 88S;. 88St. ;tSX88888888@@XXXXSS%tt;;;;;::::.:........ . . ... .
....................................... . ......::;S8;@ 8%X8St. 88X%: :tS@8888888@@XXXSS%%%tt;t;;;::::::.:......... ...
. . . . .. ........................ . ..... . ...:;%8:8;%X%X@8S:. @8@S: :tS@888888@@@XXSSS%%%tttt;t;;;::::::........ ...
........ ................ ...... ...... . .......:;XX; @S;StXSt@8@S. @8Xt:.t%X@888888@@@XSSS%%%ttttt;;;;;::::::...... ..
. .   ... . . . . . . . ... .. ............ . ...:%8:8;tt%X%%%S;;SX8%t 88X; ;%S@8888888@XXS%t%ttttt;t;t;;;;;:::::..... .
. .. . . ............... ....:;tX@88X@88S%;:...::%8;@.@;%SXXSttt;;ttX8%; 8@t:.;%X@88888@S%tttttt;;;t;;;;;;:;:::::.......
 .  . . .. . . . . . . ....;S8X 8 :88X: 8t:S@88Xt.8 tt;t%X;t%t%ttttt;tS8%; 8@%: :tSX88@St;;;;;;;;;;;;;;;;:::::::.... . .
 . . . . . ........::;;%S88t.8 ;Xt;;;;;tX@8@XSS@8@%:.::;ttStt%ttt;tt;t;;t8%; 88%; :t@8S;;;;;;;;;;;;;;:;:::::::..........
 . ......:::;tt%XX888S;.%8% S8S;;%ttt%tt:::::.........:tt%t%S;ttttt;tt;tttXX%.S8Xt.%8St::::;:;:;:;::::::::::.:.... . . .
.::;t%S@@88@X%;..;%X8@@S %  :X@8@Xtttt;;::::::::.. . .::;t%t;;tt;t;t;tt;tttt8S; 8X X@%;::;::::::;:;::::::.:.:.... ......
::tSX88888@@@X@@@@88888@SXX@88@t.X@ S8;;:::.:.....   ...:;;;;;;;;ttt;;;t;;;;;S8: X:8S;::::::;::::::::::.:.:.... .. . ...
.::;;;;ttt;;;;::::..:...  ....:;%X8;SSt@;:.......     ..::..::::::::::::::::;SX8 S%@t:::::::::::::::::.:.......  .... ..
 .. .... ... . . . . .  . . . ...:;S8:8 SS.:....       .....................::t8 %S@t:::.::.:::::::...:...... . . .. ...
 . . . . .  . . . . . . . .  .  . ..;S8:8 8;::...         . . ...... .. ....:;SXX t%8%;:.:.::::.:.:.:...... . . .. .....
 . . . .  . . . . . . . . . . . . ...:%XX:@;@;:...       .. .      .  . ....;t@@8t:8.X@t;:..:..:.:.....:... . .. ... ...
 . . . . . . . . . . . . . . . . .  ...;t@X.@ tX;;..     .    ....  .   ...:;tt8@8X%;Xtt8St:.:......:.... . . ..........
 . . . . . .   .  . . . . . . . . . . .....;%@%.@ %%t:.... .............  ..:::::;;:;%8X S;8%;::.:........ .... .......:
 . .  . . . . . . . .  . . . . . . . .  . .. .:;%8S:%@ %8@S;tt%%XSSX@888888888888Sttt;..:tX X:8St:..... ............:.:.
 . . . . . .   . . . . . . .  . . . . . . . . . ..:;S@8S::tX@888888X%t;;... .  .tS@@ .X8tt::@tX.X8%;:............:.:.:::
 . . . . .   . . . . . . .  .. . . . . . . . . . . ...:;t%SX@@@@8@XXSXS%SS%S%S%SSX@88Xt.t8  %8X; 8t:S888@@S%;;:::.::::::
 . .  .    . . . .  . . . . . . . .  . . .  . . . . . .  .  ... .. .. .. .:.:.:::::::::;tt%8@8%:.X8   .;t: 8%;@8X%;;::;:
  . .   ..   .  .    . . . . . . .  . . .  . . . . . . . ..   .  .  .  ......:..:.::::::::::::;;%SX8%;8.8@tt8% X.S8@%tt;
 . .  . . .   .  . .  . .   .       . .    . . . . . . . . .. . . . . . .......:..:.:.:.:.:..:.:..;;%S8X:;XS.tSt X S8X%t
 .  . . . ..  . .   .  . . .  .  . . . . .  . .           . . . . . . .  . .....:.::.::.:..:..:.::::::;:;tSX8Stt;;%88@S%
 . . . . .  .  . ..  . . . . .      .   .      . .  . . .    . . . . . . ........:.:..:.:.:.:.:.:.:::::;;;;;tttt%%SSS%%%





?>=           EOL
